[INFO] Enclosing volume is 1003002063.0801 [1000.0002 1999.9999] x [0.0000 999.9999] x [0.0003 999.9998].
[INFO] Mesh size is 1953125 = 125 x 125 x 125.
[INFO] Voxel resolution is 513.5371.
[INFO] There are objects in 1700976 out of 1953125 boxes.
[INFO] There are objects in 1701390 out of 1953125 boxes.
[INFO] Mesh variables successfully set.
[INFO] Running counts with 108 blocks and 512 threads per block.
[INFO] Time elapsed: 11332.4 ms.
Corrfunc 5.77489709854126
Traceback (most recent call last):
  File "/global/u2/a/adematti/cosmodesi/cucount/tests/test.py", line 345, in <module>
    test_corrfunc()
  File "/global/u2/a/adematti/cosmodesi/cucount/tests/test.py", line 339, in test_corrfunc
    assert np.allclose(test, ref.wcounts, **tol)
AssertionError
[INFO] Enclosing volume is 1003002063.0801 [1000.0002 1999.9999] x [0.0000 999.9999] x [0.0003 999.9998].
[INFO] Mesh size is 1953125 = 125 x 125 x 125.
[INFO] Voxel resolution is 513.5371.
[INFO] There are objects in 1700976 out of 1953125 boxes.
[INFO] There are objects in 1701390 out of 1953125 boxes.
[INFO] Mesh variables successfully set.
[INFO] Running counts with 108 blocks and 512 threads per block.
[INFO] Time elapsed: 11320.0 ms.
Corrfunc 14.576116800308228
Traceback (most recent call last):
  File "/global/u2/a/adematti/cosmodesi/cucount/tests/test.py", line 345, in <module>
    test_corrfunc()
  File "/global/u2/a/adematti/cosmodesi/cucount/tests/test.py", line 339, in test_corrfunc
    assert np.allclose(test, ref.wcounts, **tol)
AssertionError
